#! /ucrt64/bin/vvp
:ivl_version "13.0 (stable)" "(v13_0)";
:ivl_delay_selection "TYPICAL";
:vpi_time_precision + 0;
:vpi_module "C:\msys64\ucrt64\lib\ivl\system.vpi";
:vpi_module "C:\msys64\ucrt64\lib\ivl\vhdl_sys.vpi";
:vpi_module "C:\msys64\ucrt64\lib\ivl\vhdl_textio.vpi";
:vpi_module "C:\msys64\ucrt64\lib\ivl\v2005_math.vpi";
:vpi_module "C:\msys64\ucrt64\lib\ivl\va_math.vpi";
S_0000015447bd0c40 .scope module, "task_tb" "task_tb" 2 1;
 .timescale 0 0;
v0000015447bca510_0 .var "a", 3 0;
v0000015447bca1f0_0 .net "ans1", 3 0, v0000015447bc9e80_0;  1 drivers
v0000015447bca6f0_0 .net "ans2", 3 0, v0000015447bc9f20_0;  1 drivers
v0000015447bca790_0 .net "ans3", 3 0, v0000015447bca150_0;  1 drivers
v0000015447bca830_0 .net "ans4", 3 0, v0000015447bcab50_0;  1 drivers
v0000015447bca290_0 .var "b", 3 0;
S_0000015447bd0dd0 .scope module, "dut" "cal" 2 6, 3 1 0, S_0000015447bd0c40;
 .timescale 0 0;
    .port_info 0 /INPUT 4 "a";
    .port_info 1 /INPUT 4 "b";
    .port_info 2 /OUTPUT 4 "ans1";
    .port_info 3 /OUTPUT 4 "ans2";
    .port_info 4 /OUTPUT 4 "ans3";
    .port_info 5 /OUTPUT 4 "ans4";
v0000015447bc99d0_0 .net "a", 3 0, v0000015447bca510_0;  1 drivers
v0000015447bc9e80_0 .var "ans1", 3 0;
v0000015447bc9f20_0 .var "ans2", 3 0;
v0000015447bca150_0 .var "ans3", 3 0;
v0000015447bcab50_0 .var "ans4", 3 0;
v0000015447bcaab0_0 .net "b", 3 0, v0000015447bca290_0;  1 drivers
E_0000015447bb9970/0 .event anyedge, v0000015447bc99d0_0, v0000015447bcaab0_0, v0000015447c18da0_0, v0000015447c18e40_0;
E_0000015447bb9970/1 .event anyedge, v0000015447c18ee0_0, v0000015447bc9930_0;
E_0000015447bb9970 .event/or E_0000015447bb9970/0, E_0000015447bb9970/1;
S_0000015447bd3af0 .scope task, "clc" "clc" 3 5, 3 5 0, S_0000015447bd0dd0;
 .timescale 0 0;
v0000015447bd1000_0 .var "x", 3 0;
v0000015447c18d00_0 .var "y", 3 0;
v0000015447c18da0_0 .var "z1", 3 0;
v0000015447c18e40_0 .var "z2", 3 0;
v0000015447c18ee0_0 .var "z3", 3 0;
v0000015447bc9930_0 .var "z4", 3 0;
TD_task_tb.dut.clc ;
    %load/vec4 v0000015447bd1000_0;
    %load/vec4 v0000015447c18d00_0;
    %add;
    %store/vec4 v0000015447c18da0_0, 0, 4;
    %load/vec4 v0000015447bd1000_0;
    %load/vec4 v0000015447c18d00_0;
    %sub;
    %store/vec4 v0000015447c18e40_0, 0, 4;
    %load/vec4 v0000015447bd1000_0;
    %load/vec4 v0000015447c18d00_0;
    %mul;
    %store/vec4 v0000015447c18ee0_0, 0, 4;
    %load/vec4 v0000015447bd1000_0;
    %load/vec4 v0000015447c18d00_0;
    %div;
    %store/vec4 v0000015447bc9930_0, 0, 4;
    %end;
    .scope S_0000015447bd0dd0;
T_1 ;
    %wait E_0000015447bb9970;
    %load/vec4 v0000015447bc99d0_0;
    %store/vec4 v0000015447bd1000_0, 0, 4;
    %load/vec4 v0000015447bcaab0_0;
    %store/vec4 v0000015447c18d00_0, 0, 4;
    %fork TD_task_tb.dut.clc, S_0000015447bd3af0;
    %join;
    %load/vec4 v0000015447c18da0_0;
    %store/vec4 v0000015447bc9e80_0, 0, 4;
    %load/vec4 v0000015447c18e40_0;
    %store/vec4 v0000015447bc9f20_0, 0, 4;
    %load/vec4 v0000015447c18ee0_0;
    %store/vec4 v0000015447bca150_0, 0, 4;
    %load/vec4 v0000015447bc9930_0;
    %store/vec4 v0000015447bcab50_0, 0, 4;
    %jmp T_1;
    .thread T_1, $push;
    .scope S_0000015447bd0c40;
T_2 ;
    %pushi/vec4 5, 0, 4;
    %store/vec4 v0000015447bca510_0, 0, 4;
    %pushi/vec4 5, 0, 4;
    %store/vec4 v0000015447bca290_0, 0, 4;
    %delay 10, 0;
    %vpi_call 2 21 "$display", "ans1=%b,ans2=%b,ans3=%b,ans4=%b", v0000015447bca1f0_0, v0000015447bca6f0_0, v0000015447bca790_0, v0000015447bca830_0 {0 0 0};
    %vpi_call 2 24 "$finish" {0 0 0};
    %end;
    .thread T_2;
# The file index is used to find the file name in the following table.
:file_names 4;
    "N/A";
    "<interactive>";
    "task_tb.v";
    "cla.v";
