#! /ucrt64/bin/vvp
:ivl_version "13.0 (stable)" "(v13_0)";
:ivl_delay_selection "TYPICAL";
:vpi_time_precision + 0;
:vpi_module "C:\msys64\ucrt64\lib\ivl\system.vpi";
:vpi_module "C:\msys64\ucrt64\lib\ivl\vhdl_sys.vpi";
:vpi_module "C:\msys64\ucrt64\lib\ivl\vhdl_textio.vpi";
:vpi_module "C:\msys64\ucrt64\lib\ivl\v2005_math.vpi";
:vpi_module "C:\msys64\ucrt64\lib\ivl\va_math.vpi";
S_000001ebc8ee4f40 .scope module, "cal" "cal" 2 1;
 .timescale 0 0;
    .port_info 0 /INPUT 4 "a";
    .port_info 1 /INPUT 4 "b";
    .port_info 2 /OUTPUT 4 "ans1";
    .port_info 3 /OUTPUT 4 "ans2";
    .port_info 4 /OUTPUT 4 "ans3";
    .port_info 5 /OUTPUT 4 "ans4";
o000001ebc8efd0f8 .functor BUFZ 4, c4<zzzz>; HiZ drive
v000001ebc8ef4340_0 .net "a", 3 0, o000001ebc8efd0f8;  0 drivers
v000001ebc8ef43e0_0 .var "ans1", 3 0;
v000001ebc8ef4480_0 .var "ans2", 3 0;
v000001ebc8ef4520_0 .var "ans3", 3 0;
v000001ebc8ef45c0_0 .var "ans4", 3 0;
o000001ebc8efd1e8 .functor BUFZ 4, c4<zzzz>; HiZ drive
v000001ebc8ef4930_0 .net "b", 3 0, o000001ebc8efd1e8;  0 drivers
E_000001ebc8efb130/0 .event anyedge, v000001ebc8ef4340_0, v000001ebc8ef4930_0, v000001ebc8f41ce0_0, v000001ebc8f41d80_0;
E_000001ebc8efb130/1 .event anyedge, v000001ebc8f41e20_0, v000001ebc8f41ec0_0;
E_000001ebc8efb130 .event/or E_000001ebc8efb130/0, E_000001ebc8efb130/1;
S_000001ebc8ee50d0 .scope task, "clc" "clc" 2 4, 2 4 0, S_000001ebc8ee4f40;
 .timescale 0 0;
v000001ebc8efcf20_0 .var "x", 3 0;
v000001ebc8f41c40_0 .var "y", 3 0;
v000001ebc8f41ce0_0 .var "z1", 3 0;
v000001ebc8f41d80_0 .var "z2", 3 0;
v000001ebc8f41e20_0 .var "z3", 3 0;
v000001ebc8f41ec0_0 .var "z4", 3 0;
TD_cal.clc ;
    %load/vec4 v000001ebc8efcf20_0;
    %load/vec4 v000001ebc8f41c40_0;
    %add;
    %store/vec4 v000001ebc8f41ce0_0, 0, 4;
    %load/vec4 v000001ebc8efcf20_0;
    %load/vec4 v000001ebc8f41c40_0;
    %sub;
    %store/vec4 v000001ebc8f41d80_0, 0, 4;
    %load/vec4 v000001ebc8efcf20_0;
    %load/vec4 v000001ebc8f41c40_0;
    %mul;
    %store/vec4 v000001ebc8f41e20_0, 0, 4;
    %load/vec4 v000001ebc8efcf20_0;
    %load/vec4 v000001ebc8f41c40_0;
    %div;
    %store/vec4 v000001ebc8f41ec0_0, 0, 4;
    %end;
    .scope S_000001ebc8ee4f40;
T_1 ;
    %wait E_000001ebc8efb130;
    %load/vec4 v000001ebc8ef4340_0;
    %store/vec4 v000001ebc8efcf20_0, 0, 4;
    %load/vec4 v000001ebc8ef4930_0;
    %store/vec4 v000001ebc8f41c40_0, 0, 4;
    %fork TD_cal.clc, S_000001ebc8ee50d0;
    %join;
    %load/vec4 v000001ebc8f41ce0_0;
    %store/vec4 v000001ebc8ef43e0_0, 0, 4;
    %load/vec4 v000001ebc8f41d80_0;
    %store/vec4 v000001ebc8ef4480_0, 0, 4;
    %load/vec4 v000001ebc8f41e20_0;
    %store/vec4 v000001ebc8ef4520_0, 0, 4;
    %load/vec4 v000001ebc8f41ec0_0;
    %store/vec4 v000001ebc8ef45c0_0, 0, 4;
    %jmp T_1;
    .thread T_1, $push;
# The file index is used to find the file name in the following table.
:file_names 3;
    "N/A";
    "<interactive>";
    "cal.v";
