#! /ucrt64/bin/vvp
:ivl_version "13.0 (stable)" "(v13_0)";
:ivl_delay_selection "TYPICAL";
:vpi_time_precision + 0;
:vpi_module "C:\msys64\ucrt64\lib\ivl\system.vpi";
:vpi_module "C:\msys64\ucrt64\lib\ivl\vhdl_sys.vpi";
:vpi_module "C:\msys64\ucrt64\lib\ivl\vhdl_textio.vpi";
:vpi_module "C:\msys64\ucrt64\lib\ivl\v2005_math.vpi";
:vpi_module "C:\msys64\ucrt64\lib\ivl\va_math.vpi";
S_000002183c9ebb40 .scope module, "for_loops_tb" "for_loops_tb" 2 1;
 .timescale 0 0;
v000002183ca49da0_0 .var "a", 7 0;
v000002183ca49c60_0 .var "b", 7 0;
v000002183ca49e40_0 .net "count", 7 0, v000002183c9f84f0_0;  1 drivers
v000002183ca49ee0_0 .net "count1", 7 0, v000002183c9f8590_0;  1 drivers
v000002183ca49f80_0 .net "countc", 7 0, v000002183c9f8630_0;  1 drivers
v000002183ca49940_0 .net "y", 15 0, v000002183ca49d00_0;  1 drivers
S_000002183c9ebcd0 .scope module, "dut" "for_loops" 2 8, 3 1 0, S_000002183c9ebb40;
 .timescale 0 0;
    .port_info 0 /INPUT 8 "a";
    .port_info 1 /INPUT 8 "b";
    .port_info 2 /OUTPUT 16 "y";
    .port_info 3 /OUTPUT 8 "count";
    .port_info 4 /OUTPUT 8 "count1";
    .port_info 5 /OUTPUT 8 "countc";
v000002183c9fdc30_0 .net "a", 7 0, v000002183ca49da0_0;  1 drivers
v000002183c9f8450_0 .net "b", 7 0, v000002183ca49c60_0;  1 drivers
v000002183c9f84f0_0 .var "count", 7 0;
v000002183c9f8590_0 .var "count1", 7 0;
v000002183c9f8630_0 .var "countc", 7 0;
v000002183ca49030_0 .var/i "i", 31 0;
v000002183ca490d0_0 .var/i "j", 31 0;
v000002183ca49170_0 .var/i "k", 31 0;
v000002183ca49d00_0 .var "y", 15 0;
E_000002183c9e72c0/0 .event anyedge, v000002183c9fdc30_0, v000002183c9f84f0_0, v000002183c9f8450_0, v000002183ca49d00_0;
E_000002183c9e72c0/1 .event anyedge, v000002183c9f8630_0, v000002183c9f8590_0;
E_000002183c9e72c0 .event/or E_000002183c9e72c0/0, E_000002183c9e72c0/1;
    .scope S_000002183c9ebcd0;
T_0 ;
    %wait E_000002183c9e72c0;
    %pushi/vec4 0, 0, 8;
    %store/vec4 v000002183c9f84f0_0, 0, 8;
    %pushi/vec4 0, 0, 8;
    %store/vec4 v000002183c9f8590_0, 0, 8;
    %pushi/vec4 0, 0, 32;
    %store/vec4 v000002183ca49030_0, 0, 32;
T_0.0 ; Top of for-loop
    %load/vec4 v000002183ca49030_0;
    %cmpi/s 8, 0, 32;
	  %jmp/0xz T_0.1, 5;
    %load/vec4 v000002183c9fdc30_0;
    %load/vec4 v000002183ca49030_0;
    %part/s 1;
    %cmpi/e 0, 0, 1;
    %jmp/0xz  T_0.3, 4;
    %load/vec4 v000002183c9f84f0_0;
    %addi 1, 0, 8;
    %store/vec4 v000002183c9f84f0_0, 0, 8;
T_0.3 ;
T_0.2 ; for-loop step statement
    %load/vec4 v000002183ca49030_0;
    %addi 1, 0, 32;
    %store/vec4 v000002183ca49030_0, 0, 32;
    %jmp T_0.0;
T_0.1 ; for-loop exit label
    %load/vec4 v000002183c9f84f0_0;
    %pad/u 32;
    %cmpi/u 3, 0, 32;
    %flag_or 5, 4;
    %jmp/0xz  T_0.5, 5;
    %load/vec4 v000002183c9fdc30_0;
    %load/vec4 v000002183c9f8450_0;
    %concat/vec4; draw_concat_vec4
    %store/vec4 v000002183ca49d00_0, 0, 16;
    %pushi/vec4 0, 0, 8;
    %store/vec4 v000002183c9f8630_0, 0, 8;
    %pushi/vec4 0, 0, 32;
    %store/vec4 v000002183ca49170_0, 0, 32;
T_0.7 ; Top of for-loop
    %load/vec4 v000002183ca49170_0;
    %cmpi/s 16, 0, 32;
	  %jmp/0xz T_0.8, 5;
    %load/vec4 v000002183ca49d00_0;
    %load/vec4 v000002183ca49170_0;
    %part/s 1;
    %cmpi/e 1, 0, 1;
    %jmp/0xz  T_0.10, 4;
    %load/vec4 v000002183c9f8630_0;
    %addi 1, 0, 8;
    %store/vec4 v000002183c9f8630_0, 0, 8;
T_0.10 ;
T_0.9 ; for-loop step statement
    %load/vec4 v000002183ca49170_0;
    %addi 1, 0, 32;
    %store/vec4 v000002183ca49170_0, 0, 32;
    %jmp T_0.7;
T_0.8 ; for-loop exit label
    %jmp T_0.6;
T_0.5 ;
    %load/vec4 v000002183c9fdc30_0;
    %pad/u 16;
    %ix/load 4, 2, 0;
    %flag_set/imm 4, 0;
    %shiftl 4;
    %store/vec4 v000002183ca49d00_0, 0, 16;
    %pushi/vec4 0, 0, 32;
    %store/vec4 v000002183ca490d0_0, 0, 32;
T_0.12 ; Top of for-loop
    %load/vec4 v000002183ca490d0_0;
    %cmpi/s 8, 0, 32;
	  %jmp/0xz T_0.13, 5;
    %load/vec4 v000002183c9fdc30_0;
    %load/vec4 v000002183ca490d0_0;
    %part/s 1;
    %cmpi/e 1, 0, 1;
    %jmp/0xz  T_0.15, 4;
    %load/vec4 v000002183c9f8590_0;
    %addi 1, 0, 8;
    %store/vec4 v000002183c9f8590_0, 0, 8;
T_0.15 ;
T_0.14 ; for-loop step statement
    %load/vec4 v000002183ca490d0_0;
    %addi 1, 0, 32;
    %store/vec4 v000002183ca490d0_0, 0, 32;
    %jmp T_0.12;
T_0.13 ; for-loop exit label
T_0.6 ;
    %jmp T_0;
    .thread T_0, $push;
    .scope S_000002183c9ebb40;
T_1 ;
    %pushi/vec4 204, 0, 8;
    %store/vec4 v000002183ca49da0_0, 0, 8;
    %vpi_call 2 18 "$display", "a=%b", v000002183ca49da0_0 {0 0 0};
    %pushi/vec4 106, 0, 8;
    %store/vec4 v000002183ca49c60_0, 0, 8;
    %vpi_call 2 20 "$display", "b=%b", v000002183ca49c60_0 {0 0 0};
    %delay 10, 0;
    %vpi_call 2 22 "$display", "y=%b,count=%d,count1=%d,countc=%d", v000002183ca49940_0, v000002183ca49e40_0, v000002183ca49ee0_0, v000002183ca49f80_0 {0 0 0};
    %vpi_call 2 24 "$finish" {0 0 0};
    %end;
    .thread T_1;
# The file index is used to find the file name in the following table.
:file_names 4;
    "N/A";
    "<interactive>";
    "for_loops_tb.v";
    "for_loops.v";
